The 2-matrix_divided Module
========================

Using "matrix_divided" function
-------------------------------

>>> matrix_divided = __import__("2-matrix_divided").matrix_divided

Usage: matrix_divided([], div)
----------------------------

1. pass two [], div
>>> matrix_divided([[1, 2, 3], [4, 5, 6]], 3)
[[0.33, 0.67, 1.0], [1.33, 1.67, 2.0]]

2. pass two div == 0
>>> matrix_divided([[1, 2, 3], [4, 5, 6]], 0)
Traceback (most recent call last):
...
ZeroDivisionError: division by zero

3. div == string
>>> matrix_divided([[1, 2, 3], [4, 5, 6]], "Hello")
Traceback (most recent call last):
...
TypeError: div must be a number

4. matrix contains string element
>>> matrix_divided([[1, 2, 3], [4, 5, "hello"]], 3)
Traceback (most recent call last):
...
TypeError: matrix must be a matrix (list of lists) of integers/floats

5. each row in matrix not in the same size
>>> matrix_divided([[1, 2, 3], [4, 5]], 3)
Traceback (most recent call last):
...
TypeError: Each row of the matrix must have the same size
